\BOOKMARK [0][]{equation.1}{\376\377\000A\000b\000s\000t\000r\000a\000c\000t\000\040\000\050\000E\000n\000g\000l\000i\000s\000h\000\051}{}% 1
\BOOKMARK [0][]{equation.1}{\376\377\000R\000e\000s\000u\000m\000\351\000\040\000\050\000D\000a\000n\000s\000k\000\051}{}% 2
\BOOKMARK [0][]{section*.2}{\376\377\000C\000o\000n\000t\000e\000n\000t\000s}{}% 3
\BOOKMARK [0][]{chapter.3}{\376\377\000I\000n\000t\000r\000o\000d\000u\000c\000t\000i\000o\000n}{}% 4
\BOOKMARK [1][]{section.8}{\376\377\000I\000t\000e\000r\000a\000t\000e\000d\000\040\000F\000u\000n\000c\000t\000i\000o\000n\000\040\000S\000y\000s\000t\000e\000m}{chapter.3}% 5
\BOOKMARK [1][]{section.21}{\376\377\000C\000o\000n\000s\000t\000r\000u\000c\000t\000i\000o\000n\000\040\000o\000f\000\040\000t\000h\000e\000\040\000V\000i\000c\000s\000e\000k\000\040\000s\000e\000t}{chapter.3}% 6
\BOOKMARK [1][]{section.26}{\376\377\000H\000a\000u\000s\000d\000o\000r\000f\000f\000\040\000D\000i\000m\000e\000n\000s\000i\000o\000n}{chapter.3}% 7
\BOOKMARK [2][]{subsection.52}{\376\377\000S\000p\000e\000c\000t\000r\000a\000l\000\040\000a\000n\000d\000\040\000W\000a\000l\000k\000\040\000d\000i\000m\000e\000n\000s\000i\000o\000n}{section.26}% 8
\BOOKMARK [1][]{section.56}{\376\377\000H\000a\000u\000s\000d\000o\000r\000f\000f\000,\000\040\000W\000a\000l\000k\000\040\000a\000n\000d\000\040\000S\000p\000e\000c\000t\000r\000a\000l\000\040\000D\000i\000m\000e\000n\000s\000i\000o\000n\000\040\000o\000f\000\040\000t\000h\000e\000\040\000V\000i\000c\000s\000e\000k\000\040\000s\000e\000t}{chapter.3}% 9
\BOOKMARK [0][]{chapter.72}{\376\377\000L\000a\000p\000l\000a\000c\000i\000a\000n\000s}{}% 10
\BOOKMARK [1][]{section.78}{\376\377\000G\000r\000a\000p\000h\000\040\000E\000n\000e\000r\000g\000i\000e\000s}{chapter.72}% 11
\BOOKMARK [2][]{subsection.90}{\376\377\000T\000h\000e\000\040\000R\000e\000n\000o\000r\000m\000a\000l\000i\000z\000a\000t\000i\000o\000n\000\040\000C\000o\000n\000s\000t\000a\000n\000t\000\040\000o\000n\000\040\000t\000h\000e\000\040\000V\000i\000c\000s\000e\000k\000\040\000s\000e\000t}{section.78}% 12
\BOOKMARK [1][]{section.97}{\376\377\000K\000i\000g\000a\000m\000i\000\040\000L\000a\000p\000l\000a\000c\000i\000a\000n}{chapter.72}% 13
\BOOKMARK [1][]{section.135}{\376\377\000D\000i\000r\000i\000c\000h\000l\000e\000t\000\040\000L\000a\000p\000l\000a\000c\000i\000a\000n}{chapter.72}% 14
\BOOKMARK [1][]{section.154}{\376\377\000D\000i\000s\000c\000r\000e\000t\000e\000\040\000F\000r\000a\000c\000t\000i\000o\000n\000a\000l\000\040\000L\000a\000p\000l\000a\000c\000i\000a\000n}{chapter.72}% 15
\BOOKMARK [1][]{section.162}{\376\377\000S\000e\000m\000i\000g\000r\000o\000u\000p\000s\000\040\000a\000n\000d\000\040\000H\000e\000a\000t\000\040\000k\000e\000r\000n\000e\000l\000s}{chapter.72}% 16
\BOOKMARK [1][]{section.180}{\376\377\000F\000r\000a\000c\000t\000i\000o\000n\000a\000l\000\040\000L\000a\000p\000l\000a\000c\000i\000a\000n}{chapter.72}% 17
\BOOKMARK [1][]{section.217}{\376\377\000B\000o\000u\000n\000d\000s\000\040\000o\000f\000\040\000t\000h\000e\000\040\000F\000r\000a\000c\000t\000i\000o\000n\000a\000l\000\040\000L\000a\000p\000l\000a\000c\000i\000a\000n}{chapter.72}% 18
\BOOKMARK [0][]{chapter.233}{\376\377\000F\000r\000a\000c\000t\000i\000o\000n\000a\000l\000\040\000G\000a\000u\000s\000s\000i\000a\000n\000\040\000F\000i\000e\000l\000d\000s}{}% 19
\BOOKMARK [1][]{section.234}{\376\377\000D\000i\000s\000c\000r\000e\000t\000e\000\040\000F\000r\000a\000c\000t\000i\000o\000n\000a\000l\000\040\000G\000a\000u\000s\000s\000i\000a\000n\000\040\000F\000i\000e\000l\000d\000s}{chapter.233}% 20
\BOOKMARK [1][]{section.243}{\376\377\000F\000r\000a\000c\000t\000i\000o\000n\000a\000l\000\040\000G\000a\000u\000s\000s\000i\000a\000n\000\040\000F\000i\000e\000l\000d\000s}{chapter.233}% 21
\BOOKMARK [0][]{chapter.278}{\376\377\000C\000o\000n\000v\000e\000r\000g\000e\000n\000c\000e\000\040\000i\000n\000\040\000d\000i\000s\000t\000r\000i\000b\000u\000t\000i\000o\000n\000\040\000o\000f\000\040\000f\000r\000a\000c\000t\000i\000o\000n\000a\000l\000\040\000G\000a\000u\000s\000s\000i\000a\000n\000\040\000F\000i\000e\000l\000d\000s}{}% 22
\BOOKMARK [1][]{section.279}{\376\377\000P\000r\000e\000l\000i\000m\000i\000n\000a\000r\000y\000\040\000L\000e\000m\000m\000a\000s}{chapter.278}% 23
\BOOKMARK [1][]{section.289}{\376\377\000M\000a\000i\000n\000\040\000T\000h\000e\000o\000r\000e\000m}{chapter.278}% 24
\BOOKMARK [0][]{chapter.294}{\376\377\000S\000i\000m\000u\000l\000a\000t\000i\000o\000n\000s}{}% 25
\BOOKMARK [1][]{section.298}{\376\377\000C\000o\000n\000s\000t\000r\000u\000c\000t\000i\000o\000n\000\040\000o\000f\000\040\000t\000h\000e\000\040\000V\000i\000c\000s\000e\000k\000\040\000s\000e\000t\000\040\000f\000o\000r\000\040\000s\000i\000m\000u\000l\000a\000t\000i\000o\000n}{chapter.294}% 26
\BOOKMARK [2][]{subsection.302}{\376\377\000E\000i\000g\000e\000n\000v\000a\000l\000u\000e\000s\000\040\000a\000n\000d\000\040\000e\000i\000g\000e\000n\000f\000u\000n\000c\000t\000i\000o\000n\000s}{section.298}% 27
\BOOKMARK [1][]{section.304}{\376\377\000S\000i\000m\000u\000l\000a\000t\000i\000o\000n\000s\000\040\000o\000n\000\040\000t\000h\000e\000\040\000V\000i\000c\000s\000e\000k\000\040\000s\000e\000t}{chapter.294}% 28
\BOOKMARK [2][]{subsection.308}{\376\377\000S\000i\000m\000u\000l\000a\000t\000i\000o\000n\000s\000\040\000o\000n\000\040\000t\000h\000e\000\040\000S\000i\000e\000r\000p\000i\000n\000s\000k\000i\000\040\000g\000a\000s\000k\000e\000t}{section.304}% 29
\BOOKMARK [1][]{section.312}{\376\377\000C\000o\000n\000c\000l\000u\000s\000i\000o\000n\000\040\000a\000n\000d\000\040\000F\000u\000t\000u\000r\000e\000\040\000w\000o\000r\000k\000\040\000o\000n\000\040\000t\000h\000e\000\040\000S\000i\000m\000u\000l\000a\000t\000i\000o\000n\000s}{chapter.294}% 30
\BOOKMARK [0][]{section*.314}{\376\377\000B\000i\000b\000l\000i\000o\000g\000r\000a\000p\000h\000y}{}% 31
\BOOKMARK [0][]{appendix*.315}{\376\377\000A\000p\000p\000e\000n\000d\000i\000x\000\040\000A\000\040\000-\000\040\000S\000i\000m\000u\000l\000a\000t\000i\000o\000n\000\040\000I\000m\000a\000g\000e\000s}{}% 32
